CRITICAL - 2025-04-29 16:20:21 --> Unable to connect to the database.
#0 D:\xampp\htdocs\toko-api\system\Database\BaseConnection.php(646): CodeIgniter\Database\BaseConnection->initialize()
#1 D:\xampp\htdocs\toko-api\system\Database\BaseBuilder.php(1860): CodeIgniter\Database\BaseConnection->query('SELECT *\nFROM `...', Array, false)
#2 D:\xampp\htdocs\toko-api\system\Model.php(398): CodeIgniter\Database\BaseBuilder->get()
#3 D:\xampp\htdocs\toko-api\app\Controllers\ProdukController.php(38): CodeIgniter\Model->find('liast')
#4 D:\xampp\htdocs\toko-api\system\CodeIgniter.php(918): App\Controllers\ProdukController->detail('liast')
#5 D:\xampp\htdocs\toko-api\system\CodeIgniter.php(404): CodeIgniter\CodeIgniter->runController(Object(App\Controllers\ProdukController))
#6 D:\xampp\htdocs\toko-api\system\CodeIgniter.php(312): CodeIgniter\CodeIgniter->handleRequest(NULL, Object(Config\Cache), false)
#7 D:\xampp\htdocs\toko-api\public\index.php(45): CodeIgniter\CodeIgniter->run()
#8 {main}
CRITICAL - 2025-04-29 16:20:26 --> Unable to connect to the database.
#0 D:\xampp\htdocs\toko-api\system\Database\BaseConnection.php(646): CodeIgniter\Database\BaseConnection->initialize()
#1 D:\xampp\htdocs\toko-api\system\Database\BaseBuilder.php(1860): CodeIgniter\Database\BaseConnection->query('SELECT *\nFROM `...', Array, false)
#2 D:\xampp\htdocs\toko-api\system\Model.php(398): CodeIgniter\Database\BaseBuilder->get()
#3 D:\xampp\htdocs\toko-api\app\Controllers\ProdukController.php(38): CodeIgniter\Model->find('list')
#4 D:\xampp\htdocs\toko-api\system\CodeIgniter.php(918): App\Controllers\ProdukController->detail('list')
#5 D:\xampp\htdocs\toko-api\system\CodeIgniter.php(404): CodeIgniter\CodeIgniter->runController(Object(App\Controllers\ProdukController))
#6 D:\xampp\htdocs\toko-api\system\CodeIgniter.php(312): CodeIgniter\CodeIgniter->handleRequest(NULL, Object(Config\Cache), false)
#7 D:\xampp\htdocs\toko-api\public\index.php(45): CodeIgniter\CodeIgniter->run()
#8 {main}
CRITICAL - 2025-04-29 16:21:25 --> Table 'toko_api.produk' doesn't exist
#0 D:\xampp\htdocs\toko-api\system\Database\MySQLi\Connection.php(331): mysqli->query('SELECT *\nFROM `...')
#1 D:\xampp\htdocs\toko-api\system\Database\BaseConnection.php(741): CodeIgniter\Database\MySQLi\Connection->execute('SELECT *\nFROM `...')
#2 D:\xampp\htdocs\toko-api\system\Database\BaseConnection.php(669): CodeIgniter\Database\BaseConnection->simpleQuery('SELECT *\nFROM `...')
#3 D:\xampp\htdocs\toko-api\system\Database\BaseBuilder.php(1860): CodeIgniter\Database\BaseConnection->query('SELECT *\nFROM `...', Array, false)
#4 D:\xampp\htdocs\toko-api\system\Model.php(398): CodeIgniter\Database\BaseBuilder->get()
#5 D:\xampp\htdocs\toko-api\app\Controllers\ProdukController.php(38): CodeIgniter\Model->find('list')
#6 D:\xampp\htdocs\toko-api\system\CodeIgniter.php(918): App\Controllers\ProdukController->detail('list')
#7 D:\xampp\htdocs\toko-api\system\CodeIgniter.php(404): CodeIgniter\CodeIgniter->runController(Object(App\Controllers\ProdukController))
#8 D:\xampp\htdocs\toko-api\system\CodeIgniter.php(312): CodeIgniter\CodeIgniter->handleRequest(NULL, Object(Config\Cache), false)
#9 D:\xampp\htdocs\toko-api\public\index.php(45): CodeIgniter\CodeIgniter->run()
#10 {main}
