CRITICAL - 2025-05-27 07:31:41 --> Trying to get property 'nama' of non-object
#0 D:\xampp\htdocs\toko-api\app\Controllers\RegistrasiController.php(20): CodeIgniter\Debug\Exceptions->errorHandler(8, 'Trying to get p...', 'D:\\xampp\\htdocs...', 20, Array)
#1 D:\xampp\htdocs\toko-api\system\CodeIgniter.php(918): App\Controllers\RegistrasiController->registrasi()
#2 D:\xampp\htdocs\toko-api\system\CodeIgniter.php(404): CodeIgniter\CodeIgniter->runController(Object(App\Controllers\RegistrasiController))
#3 D:\xampp\htdocs\toko-api\system\CodeIgniter.php(312): CodeIgniter\CodeIgniter->handleRequest(NULL, Object(Config\Cache), false)
#4 D:\xampp\htdocs\toko-api\public\index.php(45): CodeIgniter\CodeIgniter->run()
#5 {main}
CRITICAL - 2025-05-27 07:32:49 --> Trying to get property 'email' of non-object
#0 D:\xampp\htdocs\toko-api\app\Controllers\LoginController.php(14): CodeIgniter\Debug\Exceptions->errorHandler(8, 'Trying to get p...', 'D:\\xampp\\htdocs...', 14, Array)
#1 D:\xampp\htdocs\toko-api\system\CodeIgniter.php(918): App\Controllers\LoginController->login()
#2 D:\xampp\htdocs\toko-api\system\CodeIgniter.php(404): CodeIgniter\CodeIgniter->runController(Object(App\Controllers\LoginController))
#3 D:\xampp\htdocs\toko-api\system\CodeIgniter.php(312): CodeIgniter\CodeIgniter->handleRequest(NULL, Object(Config\Cache), false)
#4 D:\xampp\htdocs\toko-api\public\index.php(45): CodeIgniter\CodeIgniter->run()
#5 {main}
CRITICAL - 2025-05-27 19:27:39 --> Trying to get property 'nama' of non-object
#0 D:\xampp\htdocs\toko-api\app\Controllers\RegistrasiController.php(20): CodeIgniter\Debug\Exceptions->errorHandler(8, 'Trying to get p...', 'D:\\xampp\\htdocs...', 20, Array)
#1 D:\xampp\htdocs\toko-api\system\CodeIgniter.php(918): App\Controllers\RegistrasiController->registrasi()
#2 D:\xampp\htdocs\toko-api\system\CodeIgniter.php(404): CodeIgniter\CodeIgniter->runController(Object(App\Controllers\RegistrasiController))
#3 D:\xampp\htdocs\toko-api\system\CodeIgniter.php(312): CodeIgniter\CodeIgniter->handleRequest(NULL, Object(Config\Cache), false)
#4 D:\xampp\htdocs\toko-api\public\index.php(45): CodeIgniter\CodeIgniter->run()
#5 {main}
CRITICAL - 2025-05-27 19:28:44 --> Trying to get property 'nama' of non-object
#0 D:\xampp\htdocs\toko-api\app\Controllers\RegistrasiController.php(20): CodeIgniter\Debug\Exceptions->errorHandler(8, 'Trying to get p...', 'D:\\xampp\\htdocs...', 20, Array)
#1 D:\xampp\htdocs\toko-api\system\CodeIgniter.php(918): App\Controllers\RegistrasiController->registrasi()
#2 D:\xampp\htdocs\toko-api\system\CodeIgniter.php(404): CodeIgniter\CodeIgniter->runController(Object(App\Controllers\RegistrasiController))
#3 D:\xampp\htdocs\toko-api\system\CodeIgniter.php(312): CodeIgniter\CodeIgniter->handleRequest(NULL, Object(Config\Cache), false)
#4 D:\xampp\htdocs\toko-api\public\index.php(45): CodeIgniter\CodeIgniter->run()
#5 {main}
